// Jest Snapshot v1, https://goo.gl/fbAQLP

exports[`Deal renders correctly 1`] = `
<div
  className="MuiPaper-root-3 MuiPaper-elevation1-6 MuiPaper-rounded-4 MuiCard-root-2 Deal-card-1"
>
  <button
    className="MuiButtonBase-root-33 MuiCardActionArea-root-30"
    onBlur={[Function]}
    onFocus={[Function]}
    onKeyDown={[Function]}
    onKeyUp={[Function]}
    onMouseDown={[Function]}
    onMouseLeave={[Function]}
    onMouseUp={[Function]}
    onTouchEnd={[Function]}
    onTouchMove={[Function]}
    onTouchStart={[Function]}
    tabIndex="0"
    type="button"
  >
    <img
      alt="Contemplative Reptile"
      className="MuiCardMedia-root-36 MuiCardMedia-media-37"
      height="140"
      src="default.jpg"
      title=""
    />
    <div
      className="MuiCardContent-root-38"
    >
      <h2
        className="MuiTypography-root-39 MuiTypography-h5-55 MuiTypography-gutterBottom-66"
      >
        
      </h2>
      <p
        className="MuiTypography-root-39 MuiTypography-body1-48"
      />
      <p
        className="MuiTypography-root-39 MuiTypography-body1-48"
      />
    </div>
    <span
      className="MuiCardActionArea-focusHighlight-32"
    />
    <span
      className="MuiTouchRipple-root-74"
    />
  </button>
</div>
`;
